
2022/11/07 (11:37:45) | ===> btop++ v.1.2.7
2022/11/07 (11:37:45) | ERROR: No UTF-8 locale detected!
Use --utf-force argument to force start if you're sure your terminal can handle it.

2022/11/07 (11:37:50) | ===> btop++ v.1.2.7
2022/11/07 (11:37:50) | WARNING: No UTF-8 locale detected! Forcing start with --utf-force argument.

2022/11/07 (13:51:57) | ===> btop++ v.1.2.7
2022/11/07 (13:51:57) | ERROR: No UTF-8 locale detected!
Use --utf-force argument to force start if you're sure your terminal can handle it.

2022/11/07 (13:54:00) | ===> btop++ v.1.2.7
2022/11/07 (13:54:00) | ERROR: No UTF-8 locale detected!
Use --utf-force argument to force start if you're sure your terminal can handle it.

2022/11/09 (18:05:38) | ===> btop++ v.1.2.7
2022/11/09 (18:05:38) | ERROR: No UTF-8 locale detected!
Use --utf-force argument to force start if you're sure your terminal can handle it.

2022/12/26 (20:33:09) | ===> btop++ v.1.2.7
2022/12/26 (20:33:09) | ERROR: No UTF-8 locale detected!
Use --utf-force argument to force start if you're sure your terminal can handle it.

2022/12/26 (20:33:19) | ===> btop++ v.1.2.7
2022/12/26 (20:33:19) | WARNING: No UTF-8 locale detected! Forcing start with --utf-force argument.
2022/12/26 (20:33:43) | WARNING: Failed to join _runner thread on exit!

2022/12/26 (20:33:45) | ===> btop++ v.1.2.7
2022/12/26 (20:33:45) | WARNING: No UTF-8 locale detected! Forcing start with --utf-force argument.

2022/12/26 (21:36:32) | ===> btop++ v.1.2.7
2022/12/26 (21:36:32) | WARNING: No UTF-8 locale detected! Forcing start with --utf-force argument.

2022/12/27 (00:23:31) | ===> btop++ v.1.2.7
2022/12/27 (00:23:31) | WARNING: No UTF-8 locale detected! Forcing start with --utf-force argument.

2022/12/27 (00:47:00) | ===> btop++ v.1.2.7
2022/12/27 (00:47:00) | WARNING: No UTF-8 locale detected! Forcing start with --utf-force argument.

2022/12/27 (00:47:44) | ===> btop++ v.1.2.7
2022/12/27 (00:47:44) | WARNING: No UTF-8 locale detected! Forcing start with --utf-force argument.
2022/12/27 (00:47:53) | WARNING: Failed to join _runner thread on exit!

2022/12/27 (00:47:53) | ===> btop++ v.1.2.7
2022/12/27 (00:47:53) | WARNING: No UTF-8 locale detected! Forcing start with --utf-force argument.
2022/12/27 (00:47:57) | WARNING: Failed to join _runner thread on exit!

2022/12/27 (14:28:58) | ===> btop++ v.1.2.7
2022/12/27 (14:28:58) | ERROR: No UTF-8 locale detected!
Use --utf-force argument to force start if you're sure your terminal can handle it.

2022/12/27 (14:29:01) | ===> btop++ v.1.2.7
2022/12/27 (14:29:01) | WARNING: No UTF-8 locale detected! Forcing start with --utf-force argument.

2022/12/27 (15:14:57) | ===> btop++ v.1.2.7
2022/12/27 (15:14:57) | WARNING: No UTF-8 locale detected! Forcing start with --utf-force argument.

2022/12/27 (15:39:01) | ===> btop++ v.1.2.7
2022/12/27 (15:39:01) | WARNING: No UTF-8 locale detected! Forcing start with --utf-force argument.
2022/12/27 (15:39:13) | WARNING: Failed to join _runner thread on exit!

2022/12/27 (16:00:19) | ===> btop++ v.1.2.7
2022/12/27 (16:00:19) | WARNING: No UTF-8 locale detected! Forcing start with --utf-force argument.

2022/12/27 (17:09:42) | ===> btop++ v.1.2.7
2022/12/27 (17:09:42) | WARNING: No UTF-8 locale detected! Forcing start with --utf-force argument.

2022/12/27 (19:11:27) | ===> btop++ v.1.2.7
2022/12/27 (19:11:27) | ERROR: No UTF-8 locale detected!
Use --utf-force argument to force start if you're sure your terminal can handle it.

2022/12/27 (19:51:42) | ===> btop++ v.1.2.7
2022/12/27 (19:51:42) | WARNING: No UTF-8 locale detected! Forcing start with --utf-force argument.
2022/12/27 (19:52:22) | WARNING: Failed to join _runner thread on exit!

2022/12/27 (21:10:30) | ===> btop++ v.1.2.7
2022/12/27 (21:10:30) | ERROR: No UTF-8 locale detected!
Use --utf-force argument to force start if you're sure your terminal can handle it.

2022/12/27 (21:10:30) | ===> btop++ v.1.2.7
2022/12/27 (21:10:30) | ERROR: No UTF-8 locale detected!
Use --utf-force argument to force start if you're sure your terminal can handle it.

2022/12/27 (21:10:34) | ===> btop++ v.1.2.7
2022/12/27 (21:10:34) | ERROR: No UTF-8 locale detected!
Use --utf-force argument to force start if you're sure your terminal can handle it.

2022/12/27 (21:10:34) | ===> btop++ v.1.2.7
2022/12/27 (21:10:34) | ERROR: No UTF-8 locale detected!
Use --utf-force argument to force start if you're sure your terminal can handle it.

2022/12/27 (21:15:05) | ===> btop++ v.1.2.7
2022/12/27 (21:15:05) | ERROR: No UTF-8 locale detected!
Use --utf-force argument to force start if you're sure your terminal can handle it.

2022/12/27 (21:15:06) | ===> btop++ v.1.2.7
2022/12/27 (21:15:06) | ERROR: No UTF-8 locale detected!
Use --utf-force argument to force start if you're sure your terminal can handle it.

2022/12/27 (21:15:18) | ===> btop++ v.1.2.7
2022/12/27 (21:15:18) | ERROR: No UTF-8 locale detected!
Use --utf-force argument to force start if you're sure your terminal can handle it.

2022/12/27 (21:15:38) | ===> btop++ v.1.2.7
2022/12/27 (21:15:38) | ERROR: No UTF-8 locale detected!
Use --utf-force argument to force start if you're sure your terminal can handle it.

2022/12/27 (21:15:39) | ===> btop++ v.1.2.7
2022/12/27 (21:15:39) | ERROR: No UTF-8 locale detected!
Use --utf-force argument to force start if you're sure your terminal can handle it.

2022/12/27 (21:15:55) | ===> btop++ v.1.2.7
2022/12/27 (21:15:55) | ERROR: No UTF-8 locale detected!
Use --utf-force argument to force start if you're sure your terminal can handle it.

2022/12/27 (21:15:56) | ===> btop++ v.1.2.7
2022/12/27 (21:15:56) | ERROR: No UTF-8 locale detected!
Use --utf-force argument to force start if you're sure your terminal can handle it.

2022/12/27 (21:15:56) | ===> btop++ v.1.2.7
2022/12/27 (21:15:56) | ERROR: No UTF-8 locale detected!
Use --utf-force argument to force start if you're sure your terminal can handle it.

2022/12/27 (21:15:57) | ===> btop++ v.1.2.7
2022/12/27 (21:15:57) | ERROR: No UTF-8 locale detected!
Use --utf-force argument to force start if you're sure your terminal can handle it.

2022/12/27 (21:15:57) | ===> btop++ v.1.2.7
2022/12/27 (21:15:57) | ERROR: No UTF-8 locale detected!
Use --utf-force argument to force start if you're sure your terminal can handle it.

2022/12/27 (21:15:57) | ===> btop++ v.1.2.7
2022/12/27 (21:15:57) | ERROR: No UTF-8 locale detected!
Use --utf-force argument to force start if you're sure your terminal can handle it.

2022/12/27 (21:15:58) | ===> btop++ v.1.2.7
2022/12/27 (21:15:58) | ERROR: No UTF-8 locale detected!
Use --utf-force argument to force start if you're sure your terminal can handle it.

2022/12/27 (21:15:59) | ===> btop++ v.1.2.7
2022/12/27 (21:15:59) | ERROR: No UTF-8 locale detected!
Use --utf-force argument to force start if you're sure your terminal can handle it.

2022/12/27 (21:16:00) | ===> btop++ v.1.2.7
2022/12/27 (21:16:00) | ERROR: No UTF-8 locale detected!
Use --utf-force argument to force start if you're sure your terminal can handle it.

2022/12/27 (21:16:13) | ===> btop++ v.1.2.7
2022/12/27 (21:16:13) | ERROR: No UTF-8 locale detected!
Use --utf-force argument to force start if you're sure your terminal can handle it.

2022/12/27 (21:17:55) | ===> btop++ v.1.2.7
2022/12/27 (21:17:55) | WARNING: No UTF-8 locale detected! Forcing start with --utf-force argument.
2022/12/27 (21:17:56) | WARNING: Failed to join _runner thread on exit!

2022/12/27 (21:18:07) | ===> btop++ v.1.2.7
2022/12/27 (21:18:07) | ERROR: No UTF-8 locale detected!
Use --utf-force argument to force start if you're sure your terminal can handle it.

2022/12/27 (22:10:58) | ===> btop++ v.1.2.7
2022/12/27 (22:10:58) | ERROR: No UTF-8 locale detected!
Use --utf-force argument to force start if you're sure your terminal can handle it.

2022/12/27 (22:34:04) | ===> btop++ v.1.2.7
2022/12/27 (22:34:04) | WARNING: No UTF-8 locale detected! Forcing start with --utf-force argument.

2022/12/27 (22:35:03) | ===> btop++ v.1.2.7
2022/12/27 (22:35:03) | WARNING: No UTF-8 locale detected! Forcing start with --utf-force argument.

2022/12/27 (22:38:53) | ===> btop++ v.1.2.7
2022/12/27 (22:38:53) | WARNING: No UTF-8 locale detected! Forcing start with --utf-force argument.

2022/12/27 (22:39:08) | ===> btop++ v.1.2.7
2022/12/27 (22:39:08) | ERROR: No UTF-8 locale detected!
Use --utf-force argument to force start if you're sure your terminal can handle it.

2022/12/27 (22:42:04) | ===> btop++ v.1.2.7
2022/12/27 (22:42:04) | WARNING: No UTF-8 locale detected! Forcing start with --utf-force argument.

2022/12/27 (23:25:31) | ===> btop++ v.1.2.7
2022/12/27 (23:25:31) | WARNING: No UTF-8 locale detected! Forcing start with --utf-force argument.

2022/12/27 (23:44:35) | ===> btop++ v.1.2.7
2022/12/27 (23:44:35) | WARNING: No UTF-8 locale detected! Forcing start with --utf-force argument.

2022/12/27 (23:44:42) | ===> btop++ v.1.2.7
2022/12/27 (23:44:42) | WARNING: No UTF-8 locale detected! Forcing start with --utf-force argument.

2022/12/27 (23:45:00) | ===> btop++ v.1.2.7
2022/12/27 (23:45:00) | WARNING: No UTF-8 locale detected! Forcing start with --utf-force argument.

2022/12/27 (23:58:05) | ===> btop++ v.1.2.7
2022/12/27 (23:58:05) | WARNING: No UTF-8 locale detected! Forcing start with --utf-force argument.

2022/12/27 (23:58:18) | ===> btop++ v.1.2.7
2022/12/27 (23:58:18) | WARNING: No UTF-8 locale detected! Forcing start with --utf-force argument.

2022/12/28 (00:01:10) | ===> btop++ v.1.2.7
2022/12/28 (00:01:10) | WARNING: No UTF-8 locale detected! Forcing start with --utf-force argument.

2022/12/28 (00:01:42) | ===> btop++ v.1.2.7
2022/12/28 (00:01:42) | WARNING: No UTF-8 locale detected! Forcing start with --utf-force argument.

2022/12/28 (00:01:47) | ===> btop++ v.1.2.7
2022/12/28 (00:01:47) | WARNING: No UTF-8 locale detected! Forcing start with --utf-force argument.

2022/12/28 (00:17:15) | ===> btop++ v.1.2.7
2022/12/28 (00:17:15) | WARNING: No UTF-8 locale detected! Forcing start with --utf-force argument.

2022/12/28 (00:55:49) | ===> btop++ v.1.2.7
2022/12/28 (00:55:49) | WARNING: No UTF-8 locale detected! Forcing start with --utf-force argument.

2022/12/28 (00:59:06) | ===> btop++ v.1.2.7
2022/12/28 (00:59:06) | WARNING: No UTF-8 locale detected! Forcing start with --utf-force argument.

2022/12/28 (01:08:15) | ===> btop++ v.1.2.7
2022/12/28 (01:08:15) | WARNING: No UTF-8 locale detected! Forcing start with --utf-force argument.

2022/12/28 (01:10:12) | ===> btop++ v.1.2.7
2022/12/28 (01:10:12) | WARNING: No UTF-8 locale detected! Forcing start with --utf-force argument.

2022/12/28 (03:07:51) | ===> btop++ v.1.2.7
2022/12/28 (03:07:51) | WARNING: No UTF-8 locale detected! Forcing start with --utf-force argument.

2022/12/28 (11:52:47) | ===> btop++ v.1.2.7
2022/12/28 (11:52:47) | WARNING: No UTF-8 locale detected! Forcing start with --utf-force argument.

2022/12/28 (12:13:27) | ===> btop++ v.1.2.7
2022/12/28 (12:13:27) | WARNING: No UTF-8 locale detected! Forcing start with --utf-force argument.
2022/12/28 (12:13:36) | WARNING: Failed to join _runner thread on exit!

2022/12/28 (13:12:30) | ===> btop++ v.1.2.7
2022/12/28 (13:12:30) | WARNING: No UTF-8 locale detected! Forcing start with --utf-force argument.
2022/12/28 (13:12:38) | WARNING: Failed to join _runner thread on exit!

2022/12/28 (19:54:01) | ===> btop++ v.1.2.7
2022/12/28 (19:54:01) | WARNING: No UTF-8 locale detected! Forcing start with --utf-force argument.

2022/12/28 (21:38:26) | ===> btop++ v.1.2.7
2022/12/28 (21:38:26) | WARNING: No UTF-8 locale detected! Forcing start with --utf-force argument.

2022/12/29 (00:50:35) | ===> btop++ v.1.2.7
2022/12/29 (00:50:35) | WARNING: No UTF-8 locale detected! Forcing start with --utf-force argument.

2022/12/29 (03:02:02) | ===> btop++ v.1.2.7
2022/12/29 (03:02:02) | WARNING: No UTF-8 locale detected! Forcing start with --utf-force argument.
2022/12/29 (03:02:04) | WARNING: Failed to join _runner thread on exit!

2022/12/31 (22:44:20) | ===> btop++ v.1.2.7
2022/12/31 (22:44:20) | WARNING: No UTF-8 locale detected! Forcing start with --utf-force argument.

2023/01/01 (12:19:21) | ===> btop++ v.1.2.7
2023/01/01 (12:19:21) | WARNING: No UTF-8 locale detected! Forcing start with --utf-force argument.

2023/01/01 (14:59:06) | ===> btop++ v.1.2.7
2023/01/01 (14:59:06) | WARNING: No UTF-8 locale detected! Forcing start with --utf-force argument.
2023/01/01 (14:59:12) | WARNING: Failed to join _runner thread on exit!

2023/01/01 (19:26:17) | ===> btop++ v.1.2.7
2023/01/01 (19:26:17) | WARNING: No UTF-8 locale detected! Forcing start with --utf-force argument.
2023/01/01 (19:26:26) | WARNING: Failed to join _runner thread on exit!

2023/01/01 (19:26:27) | ===> btop++ v.1.2.7
2023/01/01 (19:26:27) | WARNING: No UTF-8 locale detected! Forcing start with --utf-force argument.
2023/01/01 (19:26:28) | WARNING: Failed to join _runner thread on exit!

2023/01/01 (19:59:02) | ===> btop++ v.1.2.7
2023/01/01 (19:59:02) | WARNING: No UTF-8 locale detected! Forcing start with --utf-force argument.
2023/01/01 (19:59:03) | WARNING: Failed to join _runner thread on exit!

2023/01/04 (12:44:53) | ===> btop++ v.1.2.7
2023/01/04 (12:44:53) | WARNING: No UTF-8 locale detected! Forcing start with --utf-force argument.

2023/01/04 (23:56:44) | ===> btop++ v.1.2.7
2023/01/04 (23:56:44) | WARNING: No UTF-8 locale detected! Forcing start with --utf-force argument.

2023/01/05 (13:02:28) | ===> btop++ v.1.2.7
2023/01/05 (13:02:28) | WARNING: No UTF-8 locale detected! Forcing start with --utf-force argument.

2023/01/05 (13:53:32) | ===> btop++ v.1.2.7
2023/01/05 (13:53:32) | WARNING: No UTF-8 locale detected! Forcing start with --utf-force argument.
2023/01/05 (13:53:42) | WARNING: Failed to join _runner thread on exit!

2023/01/05 (20:52:42) | ===> btop++ v.1.2.7
2023/01/05 (20:52:42) | WARNING: No UTF-8 locale detected! Forcing start with --utf-force argument.

2023/01/06 (00:23:35) | ===> btop++ v.1.2.7
2023/01/06 (00:23:35) | WARNING: No UTF-8 locale detected! Forcing start with --utf-force argument.

2023/01/07 (00:35:57) | ===> btop++ v.1.2.7
2023/01/07 (00:35:57) | WARNING: No UTF-8 locale detected! Forcing start with --utf-force argument.
2023/01/07 (00:35:58) | WARNING: Failed to join _runner thread on exit!

2023/01/10 (14:23:10) | ===> btop++ v.1.2.7
2023/01/10 (14:23:10) | WARNING: No UTF-8 locale detected! Forcing start with --utf-force argument.
2023/01/10 (14:24:05) | WARNING: Failed to join _runner thread on exit!

2023/01/10 (14:24:06) | ===> btop++ v.1.2.7
2023/01/10 (14:24:06) | WARNING: No UTF-8 locale detected! Forcing start with --utf-force argument.

2023/01/10 (14:24:25) | ===> btop++ v.1.2.7
2023/01/10 (14:24:25) | WARNING: No UTF-8 locale detected! Forcing start with --utf-force argument.
2023/01/10 (14:24:31) | WARNING: Failed to join _runner thread on exit!

2023/01/10 (14:24:31) | ===> btop++ v.1.2.7
2023/01/10 (14:24:31) | WARNING: No UTF-8 locale detected! Forcing start with --utf-force argument.
2023/01/10 (14:35:14) | WARNING: Failed to join _runner thread on exit!

2023/01/10 (14:35:15) | ===> btop++ v.1.2.7
2023/01/10 (14:35:15) | WARNING: No UTF-8 locale detected! Forcing start with --utf-force argument.

2023/01/12 (23:10:36) | ===> btop++ v.1.2.7
2023/01/12 (23:10:36) | WARNING: No UTF-8 locale detected! Forcing start with --utf-force argument.

2023/01/13 (17:19:43) | ===> btop++ v.1.2.7
2023/01/13 (17:19:43) | WARNING: No UTF-8 locale detected! Forcing start with --utf-force argument.

2023/01/13 (19:21:57) | ===> btop++ v.1.2.7
2023/01/13 (19:21:57) | WARNING: No UTF-8 locale detected! Forcing start with --utf-force argument.

2023/01/14 (12:45:23) | ===> btop++ v.1.2.7
2023/01/14 (12:45:23) | WARNING: No UTF-8 locale detected! Forcing start with --utf-force argument.
2023/01/14 (12:45:46) | WARNING: Failed to join _runner thread on exit!

2023/01/14 (15:01:59) | ===> btop++ v.1.2.7
2023/01/14 (15:01:59) | WARNING: No UTF-8 locale detected! Forcing start with --utf-force argument.

2023/01/14 (15:02:17) | ===> btop++ v.1.2.7
2023/01/14 (15:02:17) | WARNING: No UTF-8 locale detected! Forcing start with --utf-force argument.

2023/01/15 (19:13:07) | ===> btop++ v.1.2.7
2023/01/15 (19:13:07) | WARNING: No UTF-8 locale detected! Forcing start with --utf-force argument.

2023/01/16 (19:23:14) | ===> btop++ v.1.2.7
2023/01/16 (19:23:14) | WARNING: No UTF-8 locale detected! Forcing start with --utf-force argument.
2023/01/16 (19:23:32) | WARNING: Failed to join _runner thread on exit!

2023/01/16 (19:29:12) | ===> btop++ v.1.2.7
2023/01/16 (19:29:12) | WARNING: No UTF-8 locale detected! Forcing start with --utf-force argument.

2023/01/16 (19:33:35) | ===> btop++ v.1.2.7
2023/01/16 (19:33:35) | WARNING: No UTF-8 locale detected! Forcing start with --utf-force argument.

2023/01/16 (19:33:46) | ===> btop++ v.1.2.7
2023/01/16 (19:33:46) | WARNING: No UTF-8 locale detected! Forcing start with --utf-force argument.

2023/01/16 (19:48:48) | ===> btop++ v.1.2.7
2023/01/16 (19:48:48) | WARNING: No UTF-8 locale detected! Forcing start with --utf-force argument.

2023/01/16 (19:53:51) | ===> btop++ v.1.2.7
2023/01/16 (19:53:51) | WARNING: No UTF-8 locale detected! Forcing start with --utf-force argument.
2023/01/16 (19:53:56) | WARNING: Failed to join _runner thread on exit!

2023/01/17 (20:01:34) | ===> btop++ v.1.2.7
2023/01/17 (20:01:34) | WARNING: No UTF-8 locale detected! Forcing start with --utf-force argument.

2023/01/17 (23:20:47) | ===> btop++ v.1.2.7
2023/01/17 (23:20:47) | WARNING: No UTF-8 locale detected! Forcing start with --utf-force argument.

2023/01/19 (14:38:57) | ===> btop++ v.1.2.7
2023/01/19 (14:38:57) | WARNING: No UTF-8 locale detected! Forcing start with --utf-force argument.

2023/01/21 (20:02:50) | ===> btop++ v.1.2.7
2023/01/21 (20:02:50) | WARNING: No UTF-8 locale detected! Forcing start with --utf-force argument.

2023/01/21 (22:05:33) | ===> btop++ v.1.2.7
2023/01/21 (22:05:33) | WARNING: No UTF-8 locale detected! Forcing start with --utf-force argument.

2023/01/21 (22:11:14) | ===> btop++ v.1.2.7
2023/01/21 (22:11:14) | WARNING: No UTF-8 locale detected! Forcing start with --utf-force argument.

2023/01/21 (23:04:20) | ===> btop++ v.1.2.7
2023/01/21 (23:04:20) | WARNING: No UTF-8 locale detected! Forcing start with --utf-force argument.

2023/01/21 (23:11:08) | ===> btop++ v.1.2.7
2023/01/21 (23:11:08) | WARNING: No UTF-8 locale detected! Forcing start with --utf-force argument.

2023/01/21 (23:37:57) | ===> btop++ v.1.2.7
2023/01/21 (23:37:57) | WARNING: No UTF-8 locale detected! Forcing start with --utf-force argument.
2023/01/21 (23:38:07) | WARNING: Failed to join _runner thread on exit!

2023/01/21 (23:39:44) | ===> btop++ v.1.2.7
2023/01/21 (23:39:44) | ERROR: No UTF-8 locale detected!
Use --utf-force argument to force start if you're sure your terminal can handle it.

2023/01/21 (23:39:56) | ===> btop++ v.1.2.7
2023/01/21 (23:39:56) | WARNING: No UTF-8 locale detected! Forcing start with --utf-force argument.
2023/01/21 (23:40:09) | WARNING: Failed to join _runner thread on exit!

2023/01/21 (23:40:10) | ===> btop++ v.1.2.7
2023/01/21 (23:40:10) | WARNING: No UTF-8 locale detected! Forcing start with --utf-force argument.

2023/01/21 (23:40:27) | ===> btop++ v.1.2.7
2023/01/21 (23:40:27) | WARNING: No UTF-8 locale detected! Forcing start with --utf-force argument.

2023/01/22 (15:12:49) | ===> btop++ v.1.2.7
2023/01/22 (15:12:49) | WARNING: No UTF-8 locale detected! Forcing start with --utf-force argument.

2023/01/22 (16:18:09) | ===> btop++ v.1.2.7
2023/01/22 (16:18:09) | WARNING: No UTF-8 locale detected! Forcing start with --utf-force argument.

2023/01/22 (16:27:33) | ===> btop++ v.1.2.7
2023/01/22 (16:27:33) | ERROR: No UTF-8 locale detected!
Use --utf-force argument to force start if you're sure your terminal can handle it.

2023/01/22 (16:27:36) | ===> btop++ v.1.2.7
2023/01/22 (16:27:36) | WARNING: No UTF-8 locale detected! Forcing start with --utf-force argument.

2023/01/22 (17:14:15) | ===> btop++ v.1.2.7
2023/01/22 (17:14:15) | WARNING: No UTF-8 locale detected! Forcing start with --utf-force argument.
2023/01/22 (17:14:30) | WARNING: Failed to join _runner thread on exit!

2023/01/22 (17:14:52) | ===> btop++ v.1.2.7
2023/01/22 (17:14:52) | WARNING: No UTF-8 locale detected! Forcing start with --utf-force argument.

2023/01/24 (12:20:32) | ===> btop++ v.1.2.13
2023/01/24 (12:20:32) | WARNING: No UTF-8 locale detected! Forcing start with --utf-force argument.

2023/01/24 (20:33:41) | ===> btop++ v.1.2.13
2023/01/24 (20:33:41) | WARNING: No UTF-8 locale detected! Forcing start with --utf-force argument.

2023/01/25 (20:50:13) | ===> btop++ v.1.2.13
2023/01/25 (20:50:13) | WARNING: No UTF-8 locale detected! Forcing start with --utf-force argument.

2023/01/25 (20:55:14) | ===> btop++ v.1.2.13
2023/01/25 (20:55:14) | WARNING: No UTF-8 locale detected! Forcing start with --utf-force argument.

2023/01/25 (21:00:42) | ===> btop++ v.1.2.13
2023/01/25 (21:00:42) | WARNING: No UTF-8 locale detected! Forcing start with --utf-force argument.

2023/01/26 (11:45:00) | ===> btop++ v.1.2.13
2023/01/26 (11:45:00) | WARNING: No UTF-8 locale detected! Forcing start with --utf-force argument.

2023/01/26 (21:04:36) | ===> btop++ v.1.2.13
2023/01/26 (21:04:36) | WARNING: No UTF-8 locale detected! Forcing start with --utf-force argument.

2023/01/26 (21:14:47) | ===> btop++ v.1.2.13
2023/01/26 (21:14:47) | WARNING: No UTF-8 locale detected! Forcing start with --utf-force argument.

2023/01/27 (00:36:52) | ===> btop++ v.1.2.13
2023/01/27 (00:36:52) | ERROR: No UTF-8 locale detected!
Use --utf-force argument to force start if you're sure your terminal can handle it.

2023/01/27 (15:06:33) | ===> btop++ v.1.2.13
2023/01/27 (15:06:33) | WARNING: No UTF-8 locale detected! Forcing start with --utf-force argument.

2023/01/28 (10:58:24) | ===> btop++ v.1.2.13
2023/01/28 (10:58:24) | WARNING: No UTF-8 locale detected! Forcing start with --utf-force argument.

2023/01/28 (11:07:06) | ===> btop++ v.1.2.13
2023/01/28 (11:07:06) | WARNING: No UTF-8 locale detected! Forcing start with --utf-force argument.

2023/01/28 (13:35:42) | ===> btop++ v.1.2.13
2023/01/28 (13:35:42) | ERROR: No UTF-8 locale detected!
Use --utf-force argument to force start if you're sure your terminal can handle it.

2023/01/28 (13:35:50) | ===> btop++ v.1.2.13
2023/01/28 (13:35:50) | WARNING: No UTF-8 locale detected! Forcing start with --utf-force argument.

2023/01/28 (13:39:42) | ===> btop++ v.1.2.13
2023/01/28 (13:39:42) | WARNING: No UTF-8 locale detected! Forcing start with --utf-force argument.

2023/01/28 (13:43:11) | ===> btop++ v.1.2.13
2023/01/28 (13:43:11) | WARNING: No UTF-8 locale detected! Forcing start with --utf-force argument.

2023/01/28 (13:44:42) | ===> btop++ v.1.2.13
2023/01/28 (13:44:42) | WARNING: No UTF-8 locale detected! Forcing start with --utf-force argument.

2023/01/28 (13:51:26) | ===> btop++ v.1.2.13
2023/01/28 (13:51:26) | WARNING: No UTF-8 locale detected! Forcing start with --utf-force argument.

2023/01/28 (13:55:48) | ===> btop++ v.1.2.13
2023/01/28 (13:55:48) | WARNING: No UTF-8 locale detected! Forcing start with --utf-force argument.

2023/01/28 (13:57:54) | ===> btop++ v.1.2.13
2023/01/28 (13:57:54) | WARNING: No UTF-8 locale detected! Forcing start with --utf-force argument.

2023/01/28 (14:03:59) | ===> btop++ v.1.2.13
2023/01/28 (14:03:59) | WARNING: No UTF-8 locale detected! Forcing start with --utf-force argument.

2023/01/28 (14:25:19) | ===> btop++ v.1.2.13
2023/01/28 (14:25:19) | WARNING: No UTF-8 locale detected! Forcing start with --utf-force argument.

2023/01/28 (16:14:14) | ===> btop++ v.1.2.13
2023/01/28 (16:14:14) | WARNING: No UTF-8 locale detected! Forcing start with --utf-force argument.

2023/01/28 (20:15:06) | ===> btop++ v.1.2.13
2023/01/28 (20:15:06) | WARNING: No UTF-8 locale detected! Forcing start with --utf-force argument.

2023/01/28 (20:18:31) | ===> btop++ v.1.2.13
2023/01/28 (20:18:31) | ERROR: No UTF-8 locale detected!
Use --utf-force argument to force start if you're sure your terminal can handle it.

2023/01/28 (23:53:57) | ===> btop++ v.1.2.13
2023/01/28 (23:53:57) | WARNING: No UTF-8 locale detected! Forcing start with --utf-force argument.

2023/01/28 (23:56:16) | ===> btop++ v.1.2.13
2023/01/28 (23:56:16) | WARNING: No UTF-8 locale detected! Forcing start with --utf-force argument.

2023/01/28 (23:56:33) | ===> btop++ v.1.2.13
2023/01/28 (23:56:33) | WARNING: No UTF-8 locale detected! Forcing start with --utf-force argument.

2023/01/28 (23:57:11) | ===> btop++ v.1.2.13
2023/01/28 (23:57:11) | WARNING: No UTF-8 locale detected! Forcing start with --utf-force argument.

2023/01/29 (00:00:47) | ===> btop++ v.1.2.13
2023/01/29 (00:00:47) | WARNING: No UTF-8 locale detected! Forcing start with --utf-force argument.

2023/01/29 (00:00:57) | ===> btop++ v.1.2.13
2023/01/29 (00:00:57) | WARNING: No UTF-8 locale detected! Forcing start with --utf-force argument.

2023/01/29 (00:10:19) | ===> btop++ v.1.2.13
2023/01/29 (00:10:19) | ERROR: No UTF-8 locale detected!
Use --utf-force argument to force start if you're sure your terminal can handle it.

2023/01/29 (00:10:24) | ===> btop++ v.1.2.13
2023/01/29 (00:10:24) | WARNING: No UTF-8 locale detected! Forcing start with --utf-force argument.

2023/01/30 (23:12:16) | ===> btop++ v.1.2.13
2023/01/30 (23:12:16) | WARNING: No UTF-8 locale detected! Forcing start with --utf-force argument.

2023/01/31 (02:28:10) | ===> btop++ v.1.2.13
2023/01/31 (02:28:10) | ERROR: No UTF-8 locale detected!
Use --utf-force argument to force start if you're sure your terminal can handle it.

2023/01/31 (02:28:14) | ===> btop++ v.1.2.13
2023/01/31 (02:28:14) | WARNING: No UTF-8 locale detected! Forcing start with --utf-force argument.

2023/01/31 (16:53:29) | ===> btop++ v.1.2.13
2023/01/31 (16:53:29) | ERROR: No UTF-8 locale detected!
Use --utf-force argument to force start if you're sure your terminal can handle it.

2023/01/31 (16:53:31) | ===> btop++ v.1.2.13
2023/01/31 (16:53:31) | WARNING: No UTF-8 locale detected! Forcing start with --utf-force argument.

2023/01/31 (22:24:15) | ===> btop++ v.1.2.13
2023/01/31 (22:24:15) | WARNING: No UTF-8 locale detected! Forcing start with --utf-force argument.

2023/01/31 (22:54:47) | ===> btop++ v.1.2.13
2023/01/31 (22:54:47) | WARNING: No UTF-8 locale detected! Forcing start with --utf-force argument.

2023/02/01 (02:30:35) | ===> btop++ v.1.2.13
2023/02/01 (02:30:35) | WARNING: No UTF-8 locale detected! Forcing start with --utf-force argument.

2023/02/03 (17:06:01) | ===> btop++ v.1.2.13
2023/02/03 (17:06:01) | ERROR: Stall in Runner thread, restarting!
